2026-04-01 12:52:18 INFO  TC_001_HomePageTest:54 - === Test Setup Started | OS: Windows | Browser: chrome ===
2026-04-01 12:52:28 INFO  TC_001_HomePageTest:99 - Browser launched. URL: https://www.udemy.com
2026-04-01 12:52:28 INFO  TC_001_HomePageTest:27 - ▶ TC_01: Valid search - START
2026-04-01 12:52:29 INFO  HomePage:71 - Homepage loaded. Title: Udemy: Online Courses for Skills, Careers & AI
2026-04-01 12:52:32 INFO  HomePage:92 - Cookie banner not present (or already dismissed) - continuing.
2026-04-01 12:52:36 INFO  HomePage:110 - Location popup not present - continuing.
2026-04-01 12:52:36 INFO  HomePage:121 - Popup handling complete.
2026-04-01 12:52:36 INFO  HomePage:139 - Searching for: 'Python'
2026-04-01 12:52:37 INFO  HomePage:152 - Search submitted for: 'Python'
2026-04-01 12:52:37 INFO  TC_001_HomePageTest:46 - Current URL after search: https://www.udemy.com/courses/search/?src=ukw&q=python
2026-04-01 12:52:37 INFO  TC_001_HomePageTest:55 - ✅ TC_01 PASSED: Search navigation confirmed.
2026-04-01 12:52:37 INFO  TC_001_HomePageTest:63 - ▶ TC_02: Empty search - START
2026-04-01 12:52:53 WARN  HomePage:74 - Homepage title did not contain 'Udemy'. Actual: Just a moment...
2026-04-01 12:52:56 INFO  HomePage:92 - Cookie banner not present (or already dismissed) - continuing.
2026-04-01 12:53:00 INFO  HomePage:110 - Location popup not present - continuing.
2026-04-01 12:53:00 INFO  HomePage:121 - Popup handling complete.
2026-04-01 12:53:00 INFO  HomePage:139 - Searching for: ''
2026-04-01 12:53:36 INFO  TC_001_HomePageTest:54 - === Test Setup Started | OS: Windows | Browser: chrome ===
2026-04-01 12:53:43 INFO  TC_001_HomePageTest:99 - Browser launched. URL: https://www.udemy.com
2026-04-01 12:53:43 INFO  TC_001_HomePageTest:27 - ▶ TC_01: Valid search - START
2026-04-01 12:53:43 INFO  HomePage:71 - Homepage loaded. Title: Udemy: Online Courses for Skills, Careers & AI
2026-04-01 12:53:46 INFO  HomePage:92 - Cookie banner not present (or already dismissed) - continuing.
2026-04-01 12:53:50 INFO  HomePage:110 - Location popup not present - continuing.
2026-04-01 12:53:50 INFO  HomePage:121 - Popup handling complete.
2026-04-01 12:53:50 INFO  HomePage:139 - Searching for: 'Python'
2026-04-01 12:53:52 INFO  HomePage:152 - Search submitted for: 'Python'
2026-04-01 12:53:52 INFO  TC_001_HomePageTest:46 - Current URL after search: https://www.udemy.com/courses/search/?src=ukw&q=python
2026-04-01 12:53:52 INFO  TC_001_HomePageTest:55 - ✅ TC_01 PASSED: Search navigation confirmed.
2026-04-01 12:53:52 INFO  TC_001_HomePageTest:63 - ▶ TC_02: Empty search - START
2026-04-01 12:56:15 INFO  TC_001_HomePageTest:45 - === Test Setup Started | OS: Windows | Browser: chrome ===
2026-04-01 12:56:26 INFO  TC_001_HomePageTest:88 - Browser launched. URL: https://www.udemy.com
2026-04-01 12:56:26 INFO  TC_001_HomePageTest:27 - ▶ TC_01: Valid search - START
2026-04-01 12:56:26 INFO  HomePage:71 - Homepage loaded. Title: Udemy: Online Courses for Skills, Careers & AI
2026-04-01 12:56:30 INFO  HomePage:92 - Cookie banner not present (or already dismissed) - continuing.
2026-04-01 12:56:34 INFO  HomePage:110 - Location popup not present - continuing.
2026-04-01 12:56:34 INFO  HomePage:121 - Popup handling complete.
2026-04-01 12:56:34 INFO  HomePage:139 - Searching for: 'Python'
2026-04-01 12:56:35 INFO  HomePage:152 - Search submitted for: 'Python'
2026-04-01 12:56:35 INFO  TC_001_HomePageTest:46 - Current URL after search: https://www.udemy.com/courses/search/?src=ukw&q=python
2026-04-01 12:56:35 INFO  TC_001_HomePageTest:55 - ✅ TC_01 PASSED: Search navigation confirmed.
2026-04-01 12:56:35 INFO  TC_001_HomePageTest:63 - ▶ TC_02: Empty search - START
2026-04-01 12:56:51 WARN  HomePage:74 - Homepage title did not contain 'Udemy'. Actual: Just a moment...
2026-04-01 12:56:54 INFO  HomePage:92 - Cookie banner not present (or already dismissed) - continuing.
2026-04-01 12:56:58 INFO  HomePage:110 - Location popup not present - continuing.
2026-04-01 12:56:58 INFO  HomePage:121 - Popup handling complete.
2026-04-01 12:56:58 INFO  HomePage:139 - Searching for: ''
2026-04-01 12:57:41 INFO  TC_001_HomePageTest:64 - === Test Setup Started | OS: Windows | Browser: chrome ===
2026-04-01 12:58:08 INFO  TC_001_HomePageTest:105 - Browser launched and navigator.webdriver suppressed. URL: https://www.udemy.com
2026-04-01 12:58:08 INFO  TC_001_HomePageTest:27 - ▶ TC_01: Valid search - START
2026-04-01 12:58:08 INFO  HomePage:71 - Homepage loaded. Title: Udemy: Online Courses for Skills, Careers & AI
2026-04-01 12:58:11 INFO  HomePage:92 - Cookie banner not present (or already dismissed) - continuing.
2026-04-01 12:58:16 INFO  HomePage:110 - Location popup not present - continuing.
2026-04-01 12:58:16 INFO  HomePage:121 - Popup handling complete.
2026-04-01 12:58:16 INFO  HomePage:139 - Searching for: 'Python'
2026-04-01 12:58:18 INFO  HomePage:152 - Search submitted for: 'Python'
2026-04-01 12:58:18 INFO  TC_001_HomePageTest:46 - Current URL after search: https://www.udemy.com/courses/search/?src=ukw&q=python
2026-04-01 12:58:18 INFO  TC_001_HomePageTest:55 - ✅ TC_01 PASSED: Search navigation confirmed.
2026-04-01 12:58:18 INFO  TC_001_HomePageTest:63 - ▶ TC_02: Empty search - START
2026-04-01 12:58:33 WARN  HomePage:74 - Homepage title did not contain 'Udemy'. Actual: Just a moment...
2026-04-01 12:58:36 INFO  HomePage:92 - Cookie banner not present (or already dismissed) - continuing.
2026-04-01 12:58:40 INFO  HomePage:110 - Location popup not present - continuing.
2026-04-01 12:58:40 INFO  HomePage:121 - Popup handling complete.
2026-04-01 12:58:40 INFO  HomePage:139 - Searching for: ''
2026-04-01 12:59:10 INFO  TC_001_HomePageTest:64 - === Test Setup Started | OS: Windows | Browser: chrome ===
2026-04-01 12:59:15 INFO  TC_001_HomePageTest:105 - Browser launched and navigator.webdriver suppressed. URL: https://www.udemy.com
2026-04-01 12:59:15 INFO  TC_001_HomePageTest:27 - ▶ TC_01: Valid search - START
2026-04-01 12:59:15 INFO  HomePage:71 - Homepage loaded. Title: Udemy: Online Courses for Skills, Careers & AI
2026-04-01 12:59:19 INFO  HomePage:92 - Cookie banner not present (or already dismissed) - continuing.
2026-04-01 12:59:23 INFO  HomePage:110 - Location popup not present - continuing.
2026-04-01 12:59:23 INFO  HomePage:121 - Popup handling complete.
2026-04-01 12:59:23 INFO  HomePage:139 - Searching for: 'Python'
2026-04-01 12:59:32 INFO  TC_001_HomePageTest:64 - === Test Setup Started | OS: Windows | Browser: firefox ===
2026-04-01 12:59:35 INFO  TC_002_SearchResultsTest:64 - === Test Setup Started | OS: Windows | Browser: firefox ===
2026-04-01 12:59:37 INFO  TC_003_CourseDetailTest:64 - === Test Setup Started | OS: Windows | Browser: firefox ===
2026-04-01 12:59:55 INFO  TC_001_HomePageTest:64 - === Test Setup Started | OS: Windows | Browser: edge ===
2026-04-01 12:59:55 INFO  TC_002_SearchResultsTest:64 - === Test Setup Started | OS: Windows | Browser: edge ===
2026-04-01 12:59:56 INFO  TC_003_CourseDetailTest:64 - === Test Setup Started | OS: Windows | Browser: edge ===
2026-04-01 13:02:08 INFO  TC_001_HomePageTest:64 - === Test Setup Started | OS: Windows | Browser: firefox ===
2026-04-01 13:02:11 INFO  TC_002_SearchResultsTest:64 - === Test Setup Started | OS: Windows | Browser: firefox ===
2026-04-01 13:02:13 INFO  TC_003_CourseDetailTest:64 - === Test Setup Started | OS: Windows | Browser: firefox ===
2026-04-01 13:02:32 INFO  TC_001_HomePageTest:64 - === Test Setup Started | OS: Windows | Browser: chrome ===
2026-04-01 13:02:39 INFO  TC_001_HomePageTest:105 - Browser launched and navigator.webdriver suppressed. URL: https://www.udemy.com
2026-04-01 13:02:39 INFO  TC_001_HomePageTest:27 - ▶ TC_01: Valid search - START
2026-04-01 13:02:39 INFO  HomePage:71 - Homepage loaded. Title: Udemy: Online Courses for Skills, Careers & AI
2026-04-01 13:02:42 INFO  HomePage:92 - Cookie banner not present (or already dismissed) - continuing.
2026-04-01 13:02:47 INFO  HomePage:110 - Location popup not present - continuing.
2026-04-01 13:02:47 INFO  HomePage:121 - Popup handling complete.
2026-04-01 13:02:47 INFO  HomePage:139 - Searching for: 'Python'
2026-04-01 13:02:48 INFO  HomePage:152 - Search submitted for: 'Python'
2026-04-01 13:02:48 INFO  TC_001_HomePageTest:46 - Current URL after search: https://www.udemy.com/courses/search/?src=ukw&q=python
2026-04-01 13:02:48 INFO  TC_001_HomePageTest:55 - ✅ TC_01 PASSED: Search navigation confirmed.
2026-04-01 13:02:48 INFO  TC_001_HomePageTest:112 - === Tearing down browser ===
2026-04-01 13:02:48 INFO  TC_002_SearchResultsTest:64 - === Test Setup Started | OS: Windows | Browser: chrome ===
2026-04-01 13:03:14 INFO  TC_002_SearchResultsTest:105 - Browser launched and navigator.webdriver suppressed. URL: https://www.udemy.com
2026-04-01 13:03:14 INFO  TC_002_SearchResultsTest:43 - ▶ TC_04: Search results display - START
2026-04-01 13:23:21 INFO  TC_001_HomePageTest:64 - === Test Setup Started | OS: Windows | Browser: chrome ===
2026-04-01 13:23:49 INFO  TC_001_HomePageTest:105 - Browser launched and navigator.webdriver suppressed. URL: https://www.udemy.com
2026-04-01 13:23:49 INFO  TC_001_HomePageTest:27 - ▶ TC_01: Valid search - START
2026-04-01 13:23:49 INFO  HomePage:42 - Homepage loaded. Title: Udemy: Online Courses for Skills, Careers & AI
2026-04-01 13:23:52 INFO  HomePage:59 - Cookie banner not present - continuing.
2026-04-01 13:23:57 INFO  HomePage:71 - Location popup not present - continuing.
2026-04-01 13:23:57 INFO  HomePage:78 - Popup handling complete.
2026-04-01 13:23:57 INFO  HomePage:93 - Searching for: 'Python' using keyboard simulation
2026-04-01 13:24:03 INFO  HomePage:125 - Search submitted for: 'Python'
2026-04-01 13:24:03 INFO  TC_001_HomePageTest:46 - Current URL after search: https://www.udemy.com/courses/search/?src=ukw&q=python
2026-04-01 13:24:03 INFO  TC_001_HomePageTest:55 - ✅ TC_01 PASSED: Search navigation confirmed.
2026-04-01 13:24:03 INFO  TC_001_HomePageTest:112 - === Tearing down browser ===
2026-04-01 13:26:42 INFO  TC_001_HomePageTest:51 - === Starting Test Setup | Browser: chrome ===
2026-04-01 13:26:44 INFO  TC_001_HomePageTest:90 - Navigating to: https://www.udemy.com
2026-04-01 13:27:09 INFO  TC_001_HomePageTest:27 - ▶ TC_01: Valid search - START
2026-04-01 13:27:09 INFO  HomePage:42 - Homepage loaded. Title: Udemy: Online Courses for Skills, Careers & AI
2026-04-01 13:27:12 INFO  HomePage:59 - Cookie banner not present - continuing.
2026-04-01 13:27:16 INFO  HomePage:71 - Location popup not present - continuing.
2026-04-01 13:27:16 INFO  HomePage:78 - Popup handling complete.
2026-04-01 13:27:16 INFO  HomePage:93 - Searching for: 'Python' using keyboard simulation
2026-04-01 13:27:23 INFO  HomePage:125 - Search submitted for: 'Python'
2026-04-01 13:27:23 INFO  TC_001_HomePageTest:46 - Current URL after search: https://www.udemy.com/courses/search/?src=ukw&q=python
2026-04-01 13:27:23 INFO  TC_001_HomePageTest:55 - ✅ TC_01 PASSED: Search navigation confirmed.
2026-04-01 13:27:23 INFO  TC_001_HomePageTest:97 - === Tearing down browser ===
2026-04-01 13:38:31 INFO  TC_001_HomePageTest:54 - === Test Setup Started | OS: Windows | Browser: chrome ===
2026-04-01 13:38:58 INFO  TC_001_HomePageTest:99 - Browser launched. URL: https://www.udemy.com
2026-04-01 13:38:58 INFO  TC_001_HomePageTest:27 - ▶ TC_01: Valid search - START
2026-04-01 13:38:58 INFO  HomePage:71 - Homepage loaded. Title: Udemy: Online Courses for Skills, Careers & AI
2026-04-01 13:39:01 INFO  HomePage:92 - Cookie banner not present (or already dismissed) - continuing.
2026-04-01 13:39:06 INFO  HomePage:110 - Location popup not present - continuing.
2026-04-01 13:39:06 INFO  HomePage:121 - Popup handling complete.
2026-04-01 13:39:06 INFO  HomePage:139 - Searching for: 'Python'
2026-04-01 13:39:07 INFO  HomePage:152 - Search submitted for: 'Python'
2026-04-01 13:39:07 INFO  TC_001_HomePageTest:46 - Current URL after search: https://www.udemy.com/courses/search/?src=ukw&q=python
2026-04-01 13:39:07 INFO  TC_001_HomePageTest:55 - ✅ TC_01 PASSED: Search navigation confirmed.
2026-04-01 13:39:07 INFO  TC_001_HomePageTest:63 - ▶ TC_02: Empty search - START
2026-04-01 13:39:22 WARN  HomePage:74 - Homepage title did not contain 'Udemy'. Actual: Just a moment...
2026-04-01 13:39:26 INFO  HomePage:92 - Cookie banner not present (or already dismissed) - continuing.
2026-04-01 13:39:30 INFO  HomePage:110 - Location popup not present - continuing.
2026-04-01 13:39:30 INFO  HomePage:121 - Popup handling complete.
2026-04-01 13:39:30 INFO  HomePage:139 - Searching for: ''
2026-04-01 13:56:50 INFO  TC_001_HomePageTest:58 - === Test Setup Started | OS: Windows | Browser: chrome ===
2026-04-01 13:56:57 INFO  TC_001_HomePageTest:117 - Browser launched. URL: https://www.udemy.com
2026-04-01 13:56:57 INFO  TC_001_HomePageTest:27 - ▶ TC_01: Valid search - START
2026-04-01 13:56:57 INFO  HomePage:71 - Homepage loaded. Title: Udemy: Online Courses for Skills, Careers & AI
2026-04-01 13:57:00 INFO  HomePage:92 - Cookie banner not present (or already dismissed) - continuing.
2026-04-01 13:57:05 INFO  HomePage:110 - Location popup not present - continuing.
2026-04-01 13:57:05 INFO  HomePage:121 - Popup handling complete.
2026-04-01 13:57:05 INFO  HomePage:139 - Searching for: 'Python'
2026-04-01 13:57:06 INFO  HomePage:152 - Search submitted for: 'Python'
2026-04-01 13:57:06 INFO  TC_001_HomePageTest:46 - Current URL after search: https://www.udemy.com/courses/search/?src=ukw&q=python
2026-04-01 13:57:06 INFO  TC_001_HomePageTest:55 - ✅ TC_01 PASSED: Search navigation confirmed.
2026-04-01 13:57:06 INFO  TC_001_HomePageTest:63 - ▶ TC_02: Empty search - START
2026-04-01 13:57:21 WARN  HomePage:74 - Homepage title did not contain 'Udemy'. Actual: Just a moment...
2026-04-01 13:57:24 INFO  HomePage:92 - Cookie banner not present (or already dismissed) - continuing.
2026-04-01 13:57:25 INFO  HomePage:110 - Location popup not present - continuing.
2026-04-01 13:57:25 INFO  HomePage:121 - Popup handling complete.
2026-04-01 13:57:25 INFO  HomePage:139 - Searching for: ''
2026-04-01 14:02:37 INFO  TC_001_HomePageTest:57 - === Test Setup Started | OS: Windows | Browser: chrome ===
2026-04-01 14:02:44 INFO  TC_001_HomePageTest:130 - Cloudflare check passed. Title: Udemy: Online Courses for Skills, Careers & AI
2026-04-01 14:02:44 INFO  TC_001_HomePageTest:132 - Browser launched. URL: https://www.udemy.com
2026-04-01 14:02:44 INFO  TC_001_HomePageTest:27 - ▶ TC_01: Valid search - START
2026-04-01 14:02:44 INFO  HomePage:71 - Homepage loaded. Title: Udemy: Online Courses for Skills, Careers & AI
2026-04-01 14:02:47 INFO  HomePage:92 - Cookie banner not present (or already dismissed) - continuing.
2026-04-01 14:02:51 INFO  HomePage:110 - Location popup not present - continuing.
2026-04-01 14:02:51 INFO  HomePage:121 - Popup handling complete.
2026-04-01 14:02:51 INFO  HomePage:139 - Searching for: 'Python'
2026-04-01 14:02:53 INFO  HomePage:152 - Search submitted for: 'Python'
2026-04-01 14:02:53 INFO  TC_001_HomePageTest:46 - Current URL after search: https://www.udemy.com/courses/search/?src=ukw&q=python
2026-04-01 14:02:53 INFO  TC_001_HomePageTest:55 - ✅ TC_01 PASSED: Search navigation confirmed.
2026-04-01 14:02:53 INFO  TC_001_HomePageTest:63 - ▶ TC_02: Empty search - START
2026-04-01 14:03:08 WARN  HomePage:74 - Homepage title did not contain 'Udemy'. Actual: Just a moment...
2026-04-01 14:03:12 INFO  HomePage:92 - Cookie banner not present (or already dismissed) - continuing.
2026-04-01 14:03:16 INFO  HomePage:110 - Location popup not present - continuing.
2026-04-01 14:03:16 INFO  HomePage:121 - Popup handling complete.
2026-04-01 14:03:16 INFO  HomePage:139 - Searching for: ''
2026-04-01 14:03:49 INFO  TC_001_HomePageTest:57 - === Test Setup Started | OS: Windows | Browser: chrome ===
2026-04-01 14:03:54 INFO  TC_001_HomePageTest:130 - Cloudflare check passed. Title: Udemy: Online Courses for Skills, Careers & AI
2026-04-01 14:03:54 INFO  TC_001_HomePageTest:132 - Browser launched. URL: https://www.udemy.com
2026-04-01 14:03:54 INFO  TC_001_HomePageTest:27 - ▶ TC_01: Valid search - START
2026-04-01 14:03:54 INFO  HomePage:71 - Homepage loaded. Title: Udemy: Online Courses for Skills, Careers & AI
2026-04-01 14:03:57 INFO  HomePage:92 - Cookie banner not present (or already dismissed) - continuing.
2026-04-01 14:04:02 INFO  HomePage:110 - Location popup not present - continuing.
2026-04-01 14:04:02 INFO  HomePage:121 - Popup handling complete.
2026-04-01 14:04:02 INFO  HomePage:139 - Searching for: 'Python'
2026-04-01 14:04:03 INFO  HomePage:152 - Search submitted for: 'Python'
2026-04-01 14:04:03 INFO  TC_001_HomePageTest:46 - Current URL after search: https://www.udemy.com/courses/search/?src=ukw&q=python
2026-04-01 14:04:03 INFO  TC_001_HomePageTest:55 - ✅ TC_01 PASSED: Search navigation confirmed.
2026-04-01 14:04:03 INFO  TC_001_HomePageTest:63 - ▶ TC_02: Empty search - START
2026-04-01 14:04:19 WARN  HomePage:74 - Homepage title did not contain 'Udemy'. Actual: Just a moment...
2026-04-01 14:04:22 INFO  HomePage:92 - Cookie banner not present (or already dismissed) - continuing.
2026-04-01 14:04:26 INFO  HomePage:110 - Location popup not present - continuing.
2026-04-01 14:04:26 INFO  HomePage:121 - Popup handling complete.
2026-04-01 14:04:26 INFO  HomePage:139 - Searching for: ''
2026-04-01 14:06:45 INFO  TC_001_HomePageTest:57 - === Test Setup Started | OS: Windows | Browser: firefox ===
2026-04-01 14:06:45 INFO  TC_002_SearchResultsTest:57 - === Test Setup Started | OS: Windows | Browser: firefox ===
2026-04-01 14:06:46 INFO  TC_003_CourseDetailTest:57 - === Test Setup Started | OS: Windows | Browser: firefox ===
2026-04-01 14:07:05 INFO  TC_001_HomePageTest:57 - === Test Setup Started | OS: Windows | Browser: chrome ===
2026-04-01 14:07:09 INFO  TC_002_SearchResultsTest:57 - === Test Setup Started | OS: Windows | Browser: chrome ===
2026-04-01 14:07:18 INFO  TC_003_CourseDetailTest:57 - === Test Setup Started | OS: Windows | Browser: chrome ===
2026-04-01 14:07:31 INFO  TC_001_HomePageTest:57 - === Test Setup Started | OS: Windows | Browser: chrome ===
2026-04-01 14:07:34 INFO  TC_002_SearchResultsTest:57 - === Test Setup Started | OS: Windows | Browser: chrome ===
2026-04-01 14:07:37 INFO  TC_003_CourseDetailTest:57 - === Test Setup Started | OS: Windows | Browser: chrome ===
2026-04-01 14:08:13 INFO  TC_001_HomePageTest:57 - === Test Setup Started | OS: Windows | Browser: chrome ===
2026-04-01 14:08:40 INFO  TC_001_HomePageTest:130 - Cloudflare check passed. Title: Udemy: Online Courses for Skills, Careers & AI
2026-04-01 14:08:40 INFO  TC_001_HomePageTest:132 - Browser launched. URL: https://www.udemy.com
2026-04-01 14:08:41 INFO  TC_001_HomePageTest:27 - ▶ TC_01: Valid search - START
2026-04-01 14:08:41 INFO  HomePage:71 - Homepage loaded. Title: Udemy: Online Courses for Skills, Careers & AI
2026-04-01 14:08:44 INFO  HomePage:92 - Cookie banner not present (or already dismissed) - continuing.
2026-04-01 14:08:48 INFO  HomePage:110 - Location popup not present - continuing.
2026-04-01 14:08:48 INFO  HomePage:121 - Popup handling complete.
2026-04-01 14:08:48 INFO  HomePage:139 - Searching for: 'Python'
2026-04-01 14:08:49 INFO  HomePage:152 - Search submitted for: 'Python'
2026-04-01 14:08:50 INFO  TC_001_HomePageTest:46 - Current URL after search: https://www.udemy.com/courses/search/?src=ukw&q=python
2026-04-01 14:08:50 INFO  TC_001_HomePageTest:55 - ✅ TC_01 PASSED: Search navigation confirmed.
2026-04-01 14:08:50 INFO  TC_001_HomePageTest:63 - ▶ TC_02: Empty search - START
2026-04-01 14:09:05 WARN  HomePage:74 - Homepage title did not contain 'Udemy'. Actual: Just a moment...
2026-04-01 14:09:08 INFO  HomePage:92 - Cookie banner not present (or already dismissed) - continuing.
2026-04-01 14:09:12 INFO  HomePage:110 - Location popup not present - continuing.
2026-04-01 14:09:12 INFO  HomePage:121 - Popup handling complete.
2026-04-01 14:09:12 INFO  HomePage:139 - Searching for: ''
